    Updating crates.io index
     Locking 76 packages to latest compatible versions
      Adding num-bigint v0.4.8 (available: v0.5.1)
 Downloading crates ...
  Downloaded alloca v0.4.0
  Downloaded cast v0.3.0
  Downloaded anes v0.1.6
  Downloaded anstyle v1.0.14
  Downloaded autocfg v1.5.1
  Downloaded aho-corasick v1.1.5
  Downloaded ciborium-io v0.2.2
  Downloaded plotters-backend v0.3.7
  Downloaded itoa v1.0.18
  Downloaded page_size v0.6.0
  Downloaded plotters-svg v0.3.7
  Downloaded clap_lex v1.1.0
  Downloaded ciborium-ll v0.2.2
  Downloaded same-file v1.0.6
  Downloaded criterion-plot v0.8.2
  Downloaded oorandom v11.1.5
  Downloaded shlex v2.0.1
  Downloaded find-msvc-tools v0.1.10
  Downloaded crossbeam-epoch v0.9.20
  Downloaded crossbeam-deque v0.8.7
  Downloaded tinytemplate v1.2.1
  Downloaded either v1.17.0
  Downloaded zmij v1.0.23
  Downloaded quote v1.0.47
  Downloaded cfg-if v1.0.4
  Downloaded num-integer v0.1.47
  Downloaded crossbeam-utils v0.8.22
  Downloaded walkdir v2.5.0
  Downloaded half v2.7.1
  Downloaded num-traits v0.2.19
  Downloaded clap v4.6.6
  Downloaded ciborium v0.2.2
  Downloaded proc-macro2 v1.0.107
  Downloaded serde_core v1.0.229
  Downloaded unicode-ident v1.0.24
  Downloaded rayon-core v1.13.0
  Downloaded serde_derive v1.0.229
  Downloaded serde v1.0.229
  Downloaded num-bigint v0.4.8
  Downloaded zerocopy-derive v0.8.56
  Downloaded cc v1.4.2
  Downloaded memchr v2.8.3
  Downloaded criterion v0.8.2
  Downloaded itertools v0.13.0
  Downloaded plotters v0.3.7
  Downloaded regex v1.13.1
  Downloaded serde_json v1.0.151
  Downloaded rayon v1.12.0
  Downloaded clap_builder v4.6.6
  Downloaded zerocopy v0.8.56
  Downloaded syn v2.0.119
  Downloaded syn v3.0.3
  Downloaded regex-syntax v0.8.11
  Downloaded regex-automata v0.4.18
  Downloaded libc v0.2.189
   Compiling proc-macro2 v1.0.107
   Compiling unicode-ident v1.0.24
   Compiling quote v1.0.47
   Compiling autocfg v1.5.1
   Compiling serde_core v1.0.229
   Compiling num-traits v0.2.19
   Compiling crossbeam-utils v0.8.22
   Compiling crossbeam-epoch v0.9.20
   Compiling serde v1.0.229
   Compiling zerocopy v0.8.56
   Compiling crossbeam-deque v0.8.7
   Compiling zmij v1.0.23
   Compiling find-msvc-tools v0.1.10
   Compiling shlex v2.0.1
   Compiling cc v1.4.2
   Compiling syn v3.0.3
   Compiling syn v2.0.119
    Checking cfg-if v1.0.4
    Checking either v1.17.0
   Compiling serde_json v1.0.151
   Compiling rayon-core v1.13.0
   Compiling libc v0.2.189
   Compiling alloca v0.4.0
    Checking plotters-backend v0.3.7
    Checking memchr v2.8.3
    Checking ciborium-io v0.2.2
    Checking anstyle v1.0.14
    Checking regex-syntax v0.8.11
    Checking itoa v1.0.18
    Checking clap_lex v1.1.0
   Compiling serde_derive v1.0.229
    Checking clap_builder v4.6.6
    Checking regex-automata v0.4.18
   Compiling zerocopy-derive v0.8.56
    Checking plotters-svg v0.3.7
    Checking itertools v0.13.0
    Checking num-integer v0.1.47
    Checking cast v0.3.0
    Checking same-file v1.0.6
    Checking walkdir v2.5.0
    Checking num-bigint v0.4.8
    Checking criterion-plot v0.8.2
    Checking page_size v0.6.0
    Checking tinytemplate v1.2.1
    Checking rayon v1.12.0
    Checking plotters v0.3.7
    Checking regex v1.13.1
    Checking clap v4.6.6
    Checking oorandom v11.1.5
    Checking anes v0.1.6
    Checking mercy v0.1.0 (/home/runner/work/mercy/mercy)
    Checking half v2.7.1
    Checking ciborium-ll v0.2.2
    Checking ciborium v0.2.2
error: unused import: `Deserialize`
  --> src/serde_model.rs:12:13
   |
12 | use serde::{Deserialize, Serialize};
   |             ^^^^^^^^^^^
   |
   = note: `-D unused-imports` implied by `-D warnings`
   = help: to override `-D warnings` add `#[allow(unused_imports)]`

error: struct `Choices` has a public `len` method, but no `is_empty` method
  --> src/serde_model.rs:62:5
   |
62 |     pub const fn len(self) -> u16 {
   |     ^^^^^^^^^^^^^^^^^^^^^^^^^^^^^
   |
   = help: for further information visit https://rust-lang.github.io/rust-clippy/rust-1.97.0/index.html#len_without_is_empty
   = note: `-D clippy::len-without-is-empty` implied by `-D warnings`
   = help: to override `-D warnings` add `#[allow(clippy::len_without_is_empty)]`

error: could not compile `mercy` (lib) due to 2 previous errors
warning: build failed, waiting for other jobs to finish...
